// Jest Snapshot v1, https://goo.gl/fbAQLP

exports[`renders correctly 1`] = `
<View>
  <View>
    <View
      style={
        Array [
          Object {
            "backgroundColor": "#ffffff",
            "borderBottomWidth": 1,
            "borderColor": "#cbd2d9",
            "borderTopWidth": 1,
            "marginTop": 20,
          },
          undefined,
        ]
      }
    >
      <RCTScrollView>
        <View />
      </RCTScrollView>
    </View>
  </View>
</View>
`;
